// Jest Snapshot v1, https://goo.gl/fbAQLP

exports[`should render ExpenseDashboardPage correctly 1`] = `
<div>
  <Memo(Connect(ExpensesSummary)) />
  <Memo(Connect(ExpenseListFilters)) />
  <Memo(Connect(ExpenseList)) />
</div>
`;
