// Jest Snapshot v1, https://goo.gl/fbAQLP

exports[`should render ExpenseListItem with the giving expense 1`] = `
<Link
  className="list-item"
  to="/edit/1"
>
  <div>
    <h3
      className="list-item__title"
    >
      Gum
    </h3>
    <span
      className="list-item__sub-title"
    >
      1st January, 1970
    </span>
  </div>
  <h3
    className="list-item__data"
  >
    $1.95
  </h3>
</Link>
`;
