// Jest Snapshot v1, https://goo.gl/fbAQLP

exports[`should render Header correctly 1`] = `
<div
  className="header"
>
  <div
    className="content-container"
  >
    <div
      className="header__content"
    >
      <Link
        className="header__title"
        to="/dashboard"
      >
        <h1>
          Exspensify
        </h1>
      </Link>
      <button
        className="button button--link"
      >
        Log Out
      </button>
    </div>
  </div>
</div>
`;
